{
  "camera_data": {
    "aperture": [
      20.954999923706055,
      15.290800094604492
    ],
    "aperture_offset": [
      0.0,
      0.0
    ],
    "focal_length": 24.0,
    "resolution": [
      512,
      512
    ],
    "meters_per_scene_unit": 1.0,
    "intrinsics": {
      "fx": 586.3994294792998,
      "fy": 586.3994294792998,
      "cx": 256.0,
      "cy": 256.0
    },
    "camera_view_matrix": [
      [
        0.0,
        -1.0,
        0.0,
        0.0
      ],
      [
        1.0,
        0.0,
        -0.0,
        0.0
      ],
      [
        0.0,
        0.0,
        1.0,
        -0.0
      ],
      [
        -0.0,
        -0.0,
        -10.0,
        1.0
      ]
    ],
    "camera_projection_matrix": [
      [
        2.29062,
        0.0,
        0.0,
        0.0
      ],
      [
        0.0,
        2.29062,
        0.0,
        0.0
      ],
      [
        0.0,
        0.0,
        0.0,
        -1.0
      ],
      [
        0.0,
        0.0,
        1.0,
        0.0
      ]
    ]
  },
  "keypoint_order": [
    "Center",
    "LDB",
    "LDF",
    "LUB",
    "LUF",
    "RDB",
    "RDF",
    "RUB",
    "RUF"
  ],
  "objects": [
    {
      "label": "cube",
      "prim_path": "/Replicator/Cube_Xform",
      "visibility": 1.0,
      "local_to_world_transform": [
        [
          1.0,
          0.0,
          0.0,
          0.0
        ],
        [
          0.0,
          1.0,
          0.0,
          0.0
        ],
        [
          0.0,
          0.0,
          1.0,
          0.0
        ],
        [
          0.0,
          0.0,
          0.0,
          1.0
        ]
      ],
      "location_world_frame": [
        0.0,
        0.0,
        0.0
      ],
      "rotation_matrix_world_frame": [
        [
          1.0,
          0.0,
          0.0
        ],
        [
          0.0,
          1.0,
          0.0
        ],
        [
          0.0,
          0.0,
          1.0
        ]
      ],
      "quat_wxyz_world_frame": [
        1.0,
        0.0,
        0.0,
        0.0
      ],
      "location_camera_frame": [
        -2.2204459753327233e-15,
        -1.331580541386046e-06,
        -9.999999999999911
      ],
      "rotation_matrix_camera_frame": [
        [
          5.551118612549615e-17,
          -0.9999999999999911,
          1.331580541386046e-07
        ],
        [
          1.0,
          5.551115655846912e-17,
          -2.220446049250319e-16
        ],
        [
          2.2204459753327234e-16,
          1.331580541386046e-07,
          0.9999999999999911
        ]
      ],
      "quat_wxyz_camera_frame": [
        0.7071067811865459,
        -4.707848160401109e-08,
        -4.707848144700185e-08,
        -0.707106781186546
      ],
      "size": [
        1.0,
        1.0,
        1.0
      ],
      "cuboid_keypoints_world_frame": [
        [
          0.0,
          0.0,
          0.0
        ],
        [
          -0.5,
          -0.5,
          -0.5
        ],
        [
          -0.5,
          -0.5,
          0.5
        ],
        [
          -0.5,
          0.5,
          -0.5
        ],
        [
          -0.5,
          0.5,
          0.5
        ],
        [
          0.5,
          -0.5,
          -0.5
        ],
        [
          0.5,
          -0.5,
          0.5
        ],
        [
          0.5,
          0.5,
          -0.5
        ],
        [
          0.5,
          0.5,
          0.5
        ]
      ],
      "cuboid_keypoints_camera_frame": [
        [
          -2.2204459753327233e-15,
          -1.331580541386046e-06,
          -9.999999999999911
        ],
        [
          -0.5000000000000023,
          0.49999860184042705,
          -10.500000066578934
        ],
        [
          -0.5000000000000021,
          0.49999873499848113,
          -9.500000066578943
        ],
        [
          0.4999999999999976,
          0.49999860184042716,
          -10.500000066578934
        ],
        [
          0.4999999999999978,
          0.49999873499848135,
          -9.500000066578943
        ],
        [
          -0.5000000000000022,
          -0.5000013981595641,
          -10.49999993342088
        ],
        [
          -0.500000000000002,
          -0.50000126500151,
          -9.499999933420888
        ],
        [
          0.49999999999999767,
          -0.5000013981595639,
          -10.49999993342088
        ],
        [
          0.4999999999999979,
          -0.5000012650015098,
          -9.499999933420888
        ]
      ],
      "cuboid_keypoints_projected": [
        [
          256,
          256
        ],
        [
          228,
          228
        ],
        [
          225,
          225
        ],
        [
          284,
          228
        ],
        [
          287,
          225
        ],
        [
          228,
          284
        ],
        [
          225,
          287
        ],
        [
          284,
          284
        ],
        [
          287,
          287
        ]
      ],
      "truncation_ratio": 0.0
    },
    {
      "label": "cube_rotated",
      "prim_path": "/Replicator/Cube_Xform_01",
      "visibility": 1.0,
      "local_to_world_transform": [
        [
          0.7071067690849304,
          0.7071067690849304,
          0.0,
          0.0
        ],
        [
          -0.7071067690849304,
          0.7071067690849304,
          0.0,
          0.0
        ],
        [
          0.0,
          0.0,
          1.0,
          0.0
        ],
        [
          -1.0,
          -1.0,
          0.0,
          1.0
        ]
      ],
      "location_world_frame": [
        -1.0,
        -1.0,
        0.0
      ],
      "rotation_matrix_world_frame": [
        [
          0.7071067690849304,
          0.7071067690849304,
          0.0
        ],
        [
          -0.7071067690849304,
          0.7071067690849304,
          0.0
        ],
        [
          0.0,
          0.0,
          1.0
        ]
      ],
      "quat_wxyz_world_frame": [
        0.9238795325112867,
        0.0,
        0.0,
        0.3826834323650898
      ],
      "location_camera_frame": [
        -0.9999990584303872,
        -1.000000941569616,
        -9.999999999999911
      ],
      "rotation_matrix_camera_frame": [
        [
          0.7071067690849242,
          -0.7071067690849241,
          1.331580541386046e-07
        ],
        [
          0.7071067690849304,
          0.7071067690849304,
          -2.220446049250319e-16
        ],
        [
          -9.41569612825757e-08,
          9.415696159659419e-08,
          0.9999999999999911
        ]
      ],
      "quat_wxyz_camera_frame": [
        0.9238795325112847,
        -2.547869070498012e-08,
        -6.151100036135704e-08,
        -0.3826834323650888
      ],
      "size": [
        1.0000000424903728,
        1.0000001020950164,
        1.0
      ],
      "cuboid_keypoints_world_frame": [
        [
          -1.000000021073424,
          -1.0000001053671195,
          0.0
        ],
        [
          -1.0,
          -1.7071069376723216,
          -0.5
        ],
        [
          -1.0,
          -1.7071069376723216,
          0.5
        ],
        [
          -1.707106853378626,
          -1.0000000842936956,
          -0.5
        ],
        [
          -1.707106853378626,
          -1.0000000842936956,
          0.5
        ],
        [
          -0.2928931887682218,
          -1.0000001264405434,
          -0.5
        ],
        [
          -0.2928931887682218,
          -1.0000001264405434,
          0.5
        ],
        [
          -1.0000000421468478,
          -0.29289327306191737,
          -0.5
        ],
        [
          -1.0000000421468478,
          -0.29289327306191737,
          0.5
        ]
      ],
      "cuboid_keypoints_camera_frame": [
        [
          -1.0000001053671217,
          0.9999986894928736,
          -10.000000133157968
        ],
        [
          -1.7071069376723238,
          0.9999986018404226,
          -10.500000133157961
        ],
        [
          -1.7071069376723238,
          0.9999987349984767,
          -9.50000013315797
        ],
        [
          -1.0000000842936978,
          1.7071054552190423,
          -10.500000227314933
        ],
        [
          -1.0000000842936978,
          1.7071055883770963,
          -9.500000227314942
        ],
        [
          -1.0000001264405456,
          0.29289179060865067,
          -10.500000039000994
        ],
        [
          -1.0000001264405456,
          0.2928919237667048,
          -9.500000039001003
        ],
        [
          -0.29289327306191976,
          0.9999986439872705,
          -10.500000133157966
        ],
        [
          -0.29289327306191953,
          0.9999987771453247,
          -9.500000133157975
        ]
      ],
      "cuboid_keypoints_projected": [
        [
          197,
          197
        ],
        [
          161,
          200
        ],
        [
          151,
          194
        ],
        [
          200,
          161
        ],
        [
          194,
          151
        ],
        [
          200,
          240
        ],
        [
          194,
          238
        ],
        [
          240,
          200
        ],
        [
          238,
          194
        ]
      ],
      "truncation_ratio": 0.0
    },
    {
      "label": "cube_scaled",
      "prim_path": "/Replicator/Cube_Xform_02",
      "visibility": 1.0,
      "local_to_world_transform": [
        [
          0.6339274048805237,
          -7.403581747666976e-08,
          -1.3594616651535034,
          0.0
        ],
        [
          0.43771305680274963,
          0.1294095367193222,
          0.20410893857479095,
          0.0
        ],
        [
          0.2345697283744812,
          -0.9659258127212524,
          0.10938172042369843,
          0.0
        ],
        [
          1.0,
          1.0,
          0.0,
          1.0
        ]
      ],
      "location_world_frame": [
        1.0,
        1.0,
        0.0
      ],
      "rotation_matrix_world_frame": [
        [
          0.6339274048805237,
          -7.403581747666976e-08,
          -1.3594616651535034
        ],
        [
          0.43771305680274963,
          0.1294095367193222,
          0.20410893857479095
        ],
        [
          0.2345697283744812,
          -0.9659258127212524,
          0.10938172042369843
        ]
      ],
      "quat_wxyz_world_frame": [
        0.6691074399654928,
        0.513424159868128,
        0.4262684291224107,
        -0.32708728526196756
      ],
      "location_camera_frame": [
        -1.345697866594982,
        10.659257954893217,
        -1.0938174760244626
      ],
      "rotation_matrix_camera_frame": [
        [
          -0.4377130255678971,
          -0.12940966534012274,
          -0.20410892400973216
        ],
        [
          0.6339274048805237,
          -7.403581725500747e-08,
          -1.3594616651535034
        ],
        [
          0.23456978665949818,
          -0.9659257954893218,
          0.10938174760244625
        ]
      ],
      "quat_wxyz_camera_frame": [
        -0.24184481493263438,
        -0.061628361330230426,
        -0.6644629858041622,
        0.7044160496937646
      ],
      "size": [
        1.4999999912268323,
        0.5000001263049355,
        1.0000001161661582
      ],
      "cuboid_keypoints_world_frame": [
        [
          1.0000000521794625,
          1.000000015426819,
          2.433168155846488e-08
        ],
        [
          0.3468948909896774,
          1.4182582325925388,
          0.5229854965578484
        ],
        [
          0.5814646473270493,
          0.45233230472395647,
          0.632367230020864
        ],
        [
          0.7846080521513521,
          1.5476678001654989,
          0.7270944837960025
        ],
        [
          1.019177808488724,
          0.5817418722969165,
          0.8364762172590181
        ],
        [
          0.9808222958702011,
          1.4182581585567213,
          -0.836476168595655
        ],
        [
          1.215392052207573,
          0.452332230688139,
          -0.7270944351326394
        ],
        [
          1.4185354570318758,
          1.5476677261296814,
          -0.6323671813575009
        ],
        [
          1.6531052133692477,
          0.5817417982610991,
          -0.5229854478944853
        ]
      ],
      "cuboid_keypoints_camera_frame": [
        [
          1.0000000154268167,
          -1.0000013837599917,
          -9.999999842510169
        ],
        [
          1.4182582325925368,
          -0.3468961529304846,
          -9.477014457250219
        ],
        [
          0.45233230472395447,
          -0.5814658947027956,
          -9.367632692552352
        ],
        [
          1.5476678001654969,
          -0.7846092869133997,
          -9.272905411727034
        ],
        [
          0.5817418722969147,
          -1.0191790286857108,
          -9.163523647029168
        ],
        [
          1.4182581585567189,
          -0.9808237388342727,
          -10.83647603799117
        ],
        [
          0.45233223068813666,
          -1.2153934806065836,
          -10.727094273293304
        ],
        [
          1.547667726129679,
          -1.4185368728171879,
          -10.632366992467986
        ],
        [
          0.5817417982610968,
          -1.653106614589499,
          -10.522985227770118
        ]
      ],
      "cuboid_keypoints_projected": [
        [
          315,
          315
        ],
        [
          344,
          277
        ],
        [
          284,
          292
        ],
        [
          354,
          306
        ],
        [
          293,
          321
        ],
        [
          333,
          309
        ],
        [
          281,
          322
        ],
        [
          341,
          334
        ],
        [
          288,
          348
        ]
      ],
      "truncation_ratio": 0.0
    }
  ]
}