{
  "camera_data": {
    "aperture": [
      20.954999923706055,
      15.290800094604492
    ],
    "aperture_offset": [
      0.0,
      0.0
    ],
    "focal_length": 24.0,
    "resolution": [
      512,
      512
    ],
    "meters_per_scene_unit": 1.0,
    "intrinsics": {
      "fx": 586.3994294792998,
      "fy": 586.3994294792998,
      "cx": 256.0,
      "cy": 256.0
    },
    "camera_view_matrix": [
      [
        0.70711,
        0.57735,
        -0.40825,
        0.0
      ],
      [
        -0.70711,
        0.57735,
        -0.40825,
        0.0
      ],
      [
        0.0,
        0.57735,
        0.8165,
        -0.0
      ],
      [
        -0.0,
        0.0,
        -9.79796,
        1.0
      ]
    ],
    "camera_projection_matrix": [
      [
        2.29062,
        0.0,
        0.0,
        0.0
      ],
      [
        0.0,
        2.29062,
        0.0,
        0.0
      ],
      [
        0.0,
        0.0,
        0.0,
        -1.0
      ],
      [
        0.0,
        0.0,
        1.0,
        0.0
      ]
    ]
  },
  "keypoint_order": [
    "Center",
    "LDB",
    "LDF",
    "LUB",
    "LUF",
    "RDB",
    "RDF",
    "RUB",
    "RUF"
  ],
  "objects": [
    {
      "label": "cube",
      "prim_path": "/Replicator/Cube_Xform",
      "visibility": 0.906,
      "local_to_world_transform": [
        [
          1.0,
          0.0,
          0.0,
          0.0
        ],
        [
          0.0,
          1.0,
          0.0,
          0.0
        ],
        [
          0.0,
          0.0,
          1.0,
          0.0
        ],
        [
          0.0,
          0.0,
          0.0,
          1.0
        ]
      ],
      "location_world_frame": [
        0.0,
        0.0,
        0.0
      ],
      "rotation_matrix_world_frame": [
        [
          1.0,
          0.0,
          0.0
        ],
        [
          0.0,
          1.0,
          0.0
        ],
        [
          0.0,
          0.0,
          1.0
        ]
      ],
      "quat_wxyz_world_frame": [
        1.0,
        0.0,
        0.0,
        0.0
      ],
      "location_camera_frame": [
        -1.9508241299163646e-15,
        1.1024263724124239e-07,
        -9.797958971132712
      ],
      "rotation_matrix_camera_frame": [
        [
          0.7071067811865472,
          0.5773502737830691,
          -0.40824828396775364
        ],
        [
          -0.7071067811865477,
          0.5773502737830689,
          -0.4082482839677534
        ],
        [
          2.7755575615628914e-17,
          0.5773502600027394,
          0.8164965874238355
        ]
      ],
      "quat_wxyz_camera_frame": [
        0.8804762407915179,
        -0.27984813737974173,
        0.11591689390753823,
        0.3647052002831259
      ],
      "size": [
        1.0,
        1.0,
        1.0
      ],
      "cuboid_keypoints_world_frame": [
        [
          0.0,
          0.0,
          0.0
        ],
        [
          -0.5,
          -0.5,
          -0.5
        ],
        [
          -0.5,
          -0.5,
          0.5
        ],
        [
          -0.5,
          0.5,
          -0.5
        ],
        [
          -0.5,
          0.5,
          0.5
        ],
        [
          0.5,
          -0.5,
          -0.5
        ],
        [
          0.5,
          -0.5,
          0.5
        ],
        [
          0.5,
          0.5,
          -0.5
        ],
        [
          0.5,
          0.5,
          0.5
        ]
      ],
      "cuboid_keypoints_camera_frame": [
        [
          -1.9508241299163646e-15,
          1.1024263724124239e-07,
          -9.797958971132712
        ],
        [
          -1.7426573127991478e-15,
          -0.8660252935418015,
          -9.797958980876876
        ],
        [
          -1.7149017371835189e-15,
          -0.2886750335390621,
          -8.98146239345304
        ],
        [
          -0.7071067811865495,
          -0.28867501975873255,
          -10.206207264844629
        ],
        [
          -0.7071067811865495,
          0.2886752402440068,
          -9.389710677420794
        ],
        [
          0.7071067811865455,
          -0.28867501975873233,
          -10.206207264844629
        ],
        [
          0.7071067811865455,
          0.28867524024400704,
          -9.389710677420794
        ],
        [
          -2.1867465226492104e-15,
          0.2886752540243366,
          -10.614455548812384
        ],
        [
          -2.1589909470335815e-15,
          0.866025514027076,
          -9.797958961388547
        ]
      ],
      "cuboid_keypoints_projected": [
        [
          256,
          256
        ],
        [
          256,
          308
        ],
        [
          256,
          275
        ],
        [
          215,
          273
        ],
        [
          212,
          238
        ],
        [
          297,
          273
        ],
        [
          300,
          238
        ],
        [
          256,
          240
        ],
        [
          256,
          204
        ]
      ],
      "truncation_ratio": 0.0
    },
    {
      "label": "cube_rotated",
      "prim_path": "/Replicator/Cube_Xform_01",
      "visibility": 1.0,
      "local_to_world_transform": [
        [
          0.7071067690849304,
          0.7071067690849304,
          0.0,
          0.0
        ],
        [
          -0.7071067690849304,
          0.7071067690849304,
          0.0,
          0.0
        ],
        [
          0.0,
          0.0,
          1.0,
          0.0
        ],
        [
          -1.0,
          -1.0,
          0.0,
          1.0
        ]
      ],
      "location_world_frame": [
        -1.0,
        -1.0,
        0.0
      ],
      "rotation_matrix_world_frame": [
        [
          0.7071067690849304,
          0.7071067690849304,
          0.0
        ],
        [
          -0.7071067690849304,
          0.7071067690849304,
          0.0
        ],
        [
          0.0,
          0.0,
          1.0
        ]
      ],
      "quat_wxyz_world_frame": [
        0.9238795325112867,
        0.0,
        0.0,
        0.3826834323650898
      ],
      "location_camera_frame": [
        -1.0000000779533165,
        -0.9999999220466863,
        -9.797958971132712
      ],
      "rotation_matrix_camera_frame": [
        [
          0.09175170471781825,
          0.9082482781679103,
          -0.40824828396775364
        ],
        [
          -0.9082482781679104,
          -0.09175170471781874,
          -0.4082482839677534
        ],
        [
          -0.40824827698088156,
          0.40824827698088156,
          0.8164965874238355
        ]
      ],
      "quat_wxyz_camera_frame": [
        0.6738873398840186,
        -0.3029054411661868,
        4.1187263764898553e-17,
        0.6738873398840188
      ],
      "size": [
        1.0000000424903728,
        1.0000001020950164,
        1.0
      ],
      "cuboid_keypoints_world_frame": [
        [
          -1.000000021073424,
          -1.0000001053671195,
          0.0
        ],
        [
          -1.0,
          -1.7071069376723216,
          -0.5
        ],
        [
          -1.0,
          -1.7071069376723216,
          0.5
        ],
        [
          -1.707106853378626,
          -1.0000000842936956,
          -0.5
        ],
        [
          -1.707106853378626,
          -1.0000000842936956,
          0.5
        ],
        [
          -0.2928931887682218,
          -1.0000001264405434,
          -0.5
        ],
        [
          -0.2928931887682218,
          -1.0000001264405434,
          0.5
        ],
        [
          -1.0000000421468478,
          -0.29289327306191737,
          -0.5
        ],
        [
          -1.0000000421468478,
          -0.29289327306191737,
          0.5
        ]
      ],
      "cuboid_keypoints_camera_frame": [
        [
          5.960464230243289e-08,
          -1.1547005103239831,
          -8.98146235157807
        ],
        [
          0.5000001106521506,
          -1.8516239513838928,
          -9.101035503022704
        ],
        [
          0.5000001106521506,
          -1.2742736913811534,
          -8.28453891559887
        ],
        [
          -0.4999999914428658,
          -1.851623951383893,
          -9.101035503022704
        ],
        [
          -0.4999999914428658,
          -1.2742736913811537,
          -8.28453891559887
        ],
        [
          0.5000001106521502,
          -1.0351273292668126,
          -9.678385787557271
        ],
        [
          0.5000001106521502,
          -0.45777706926407336,
          -8.861889200133435
        ],
        [
          -0.4999999914428661,
          -1.0351273292668128,
          -9.678385787557271
        ],
        [
          -0.4999999914428661,
          -0.45777706926407347,
          -8.861889200133435
        ]
      ],
      "cuboid_keypoints_projected": [
        [
          256,
          331
        ],
        [
          288,
          375
        ],
        [
          291,
          346
        ],
        [
          224,
          375
        ],
        [
          221,
          346
        ],
        [
          286,
          319
        ],
        [
          289,
          286
        ],
        [
          226,
          319
        ],
        [
          223,
          286
        ]
      ],
      "truncation_ratio": 0.0
    },
    {
      "label": "cube_scaled",
      "prim_path": "/Replicator/Cube_Xform_02",
      "visibility": 0.927,
      "local_to_world_transform": [
        [
          0.6339274048805237,
          -7.403581747666976e-08,
          -1.3594616651535034,
          0.0
        ],
        [
          0.43771305680274963,
          0.1294095367193222,
          0.20410893857479095,
          0.0
        ],
        [
          0.2345697283744812,
          -0.9659258127212524,
          0.10938172042369843,
          0.0
        ],
        [
          1.0,
          1.0,
          0.0,
          1.0
        ]
      ],
      "location_world_frame": [
        1.0,
        1.0,
        0.0
      ],
      "rotation_matrix_world_frame": [
        [
          0.6339274048805237,
          -7.403581747666976e-08,
          -1.3594616651535034
        ],
        [
          0.43771305680274963,
          0.1294095367193222,
          0.20410893857479095
        ],
        [
          0.2345697283744812,
          -0.9659258127212524,
          0.10938172042369843
        ]
      ],
      "quat_wxyz_world_frame": [
        0.6691074399654928,
        0.513424159868128,
        0.4262684291224107,
        -0.32708728526196756
      ],
      "location_camera_frame": [
        -1.298304526228271,
        10.464101496467299,
        -1.0717175864017958
      ],
      "rotation_matrix_camera_frame": [
        [
          0.6052054308748358,
          0.46905213458742134,
          -0.8880971102858858
        ],
        [
          -0.291303302667181,
          0.46905223928987827,
          1.0344720141005097
        ],
        [
          0.44423912988236125,
          -0.7139605001197626,
          0.2071521502075365
        ]
      ],
      "quat_wxyz_camera_frame": [
        0.802692719858122,
        0.4581865583926404,
        0.35716638665928696,
        0.13483933934808037
      ],
      "size": [
        1.4999999912268323,
        0.5000001263049355,
        1.0000001161661582
      ],
      "cuboid_keypoints_world_frame": [
        [
          1.0000000521794625,
          1.000000015426819,
          2.433168155846488e-08
        ],
        [
          0.3468948909896774,
          1.4182582325925388,
          0.5229854965578484
        ],
        [
          0.5814646473270493,
          0.45233230472395647,
          0.632367230020864
        ],
        [
          0.7846080521513521,
          1.5476678001654989,
          0.7270944837960025
        ],
        [
          1.019177808488724,
          0.5817418722969165,
          0.8364762172590181
        ],
        [
          0.9808222958702011,
          1.4182581585567213,
          -0.836476168595655
        ],
        [
          1.215392052207573,
          0.452332230688139,
          -0.7270944351326394
        ],
        [
          1.4185354570318758,
          1.5476677261296814,
          -0.6323671813575009
        ],
        [
          1.6531052133692477,
          0.5817417982610991,
          -0.5229854478944853
        ]
      ],
      "cuboid_keypoints_camera_frame": [
        [
          2.598804110992971e-08,
          1.1547007108891831,
          -10.614455546801633
        ],
        [
          -0.7575682839620652,
          1.3210575618272047,
          -10.091563831563828
        ],
        [
          0.09131035512514926,
          0.9619604482151456,
          -9.70367911746793
        ],
        [
          -0.5395647222713038,
          1.7663284013815914,
          -10.156436420826365
        ],
        [
          0.30931391681591064,
          1.4072312877695323,
          -9.768551706730467
        ],
        [
          -0.3093138648398283,
          0.902170134008834,
          -11.460359386872797
        ],
        [
          0.539564774247386,
          0.5430730203967749,
          -11.072474672776899
        ],
        [
          -0.09131030314906693,
          1.3474409735632205,
          -11.525231976135334
        ],
        [
          0.7575683359381473,
          0.9883438599511615,
          -11.137347262039436
        ]
      ],
      "cuboid_keypoints_projected": [
        [
          256,
          192
        ],
        [
          212,
          179
        ],
        [
          262,
          198
        ],
        [
          225,
          154
        ],
        [
          275,
          172
        ],
        [
          240,
          210
        ],
        [
          285,
          227
        ],
        [
          251,
          187
        ],
        [
          296,
          204
        ]
      ],
      "truncation_ratio": 0.0
    }
  ]
}